[
  {
    "ID": 1,
    "CreatedAt": "0001-01-01T00:00:00Z",
    "UpdatedAt": "0001-01-01T00:00:00Z",
    "DeletedAt": null,
    "Name": "rectangle"
  }
]